
> my-app@0.1.0 test
> react-scripts test --coverage

FAIL src/App.test.tsx
  ✕ renders learn react link (201 ms)

  ● renders learn react link

    TestingLibraryElementError: Unable to find an element with the text: /learn chakra/i. This could be because the text is broken up by multiple elements. In this case, you can provide a function for your text matcher to make your matcher more flexible.

    Ignored nodes: comments, script, style
    [36m<body[39m
      [33mclass[39m=[32m"chakra-ui-light"[39m
    [36m>[39m
      [36m<div>[39m
        [36m<div[39m
          [33mclass[39m=[32m"App"[39m
        [36m>[39m
          [36m<div[39m
            [33mclass[39m=[32m"css-12hvf5p"[39m
          [36m>[39m
            [36m<div[39m
              [33mclass[39m=[32m"css-fhxpbg"[39m
            [36m>[39m
              [36m<div[39m
                [33mclass[39m=[32m"desktopMenu"[39m
              [36m>[39m
                [36m<a[39m
                  [33mclass[39m=[32m"chakra-link destopMenuListItem css-spn4bz"[39m
                [36m>[39m
                  [0mHome[0m
                [36m</a>[39m
                [36m<a[39m
                  [33mclass[39m=[32m"chakra-link destopMenuListItem css-v74jvl"[39m
                [36m>[39m
                  [0mLearn[0m
                [36m</a>[39m
                [36m<a[39m
                  [33mclass[39m=[32m"chakra-link destopMenuListItem css-v74jvl"[39m
                [36m>[39m
                  [0mElementary[0m
                [36m</a>[39m
                [36m<a[39m
                  [33mclass[39m=[32m"chakra-link destopMenuListItem css-v74jvl"[39m
                [36m>[39m
                  [0mMiddle School[0m
                [36m</a>[39m
                [36m<a[39m
                  [33mclass[39m=[32m"chakra-link destopMenuListItem css-v74jvl"[39m
                [36m>[39m
                  [0mHigh School[0m
                [36m</a>[39m
                [36m<a[39m
                  [33mclass[39m=[32m"chakra-link destopMenuListItem css-v74jvl"[39m
                [36m>[39m
                  [0mDiscussion[0m
                [36m</a>[39m
              [36m</div>[39m
              [36m<div>[39m
                [36m<br />[39m
                [36m<img[39m
                  [33malt[39m=[32m""[39m
                  [33mclass[39m=[32m"chakra-image css-v5moqd"[39m
                  [33msrc[39m=[32m"images/logo.png"[39m
                [36m/>[39m
                [36m<br />[39m
                [0m MathBridge is an online educational platform designed to cater to students of all backgrounds and ages, offering resources to enhance understanding and proficiency in mathematics. Our platform is dedicated to introducing fundamental mathematical concepts in an engaging and accessible manner, leveraging the power of Python programming to showcase its advantages over conventional calculators.[0m
              [36m</div>[39m
            [36m</div>[39m
          [36m</div>[39m
          [36m<span[39m
            [33mhidden[39m=[32m""[39m
            [33mid[39m=[32m"__chakra_env"[39m
          [36m/>[39m
        [36m</div>[39m
        [36m<span[39m
          [33mhidden[39m=[32m""[39m
          [33mid[39m=[32m"__chakra_env"[39m
        [36m/>[39m
      [36m</div>[39m
      [36m<div[39m
        [33mclass[39m=[32m"chakra-portal"[39m
      [36m>[39m
        [36m<div[39m
          [33maria-label[39m=[32m"Notifications-top"[39m
          [33maria-live[39m=[32m"polite"[39m
          [33mid[39m=[32m"chakra-toast-manager-top"[39m
          [33mrole[39m=[32m"region"[39m
          [33mstyle[39m=[32m"position: fixed; z-index: var(--toast-z-index, 5500); pointer-events: none; display: flex; flex-direction: column; margin: 0px auto;"[39m
        [36m/>[39m
        [36m<div[39m
          [33maria-label[39m=[32m"Notifications-top-left"[39m
          [33maria-live[39m=[32m"polite"[39m
          [33mid[39m=[32m"chakra-toast-manager-top-left"[39m
          [33mrole[39m=[32m"region"[39m
          [33mstyle[39m=[32m"position: fixed; z-index: var(--toast-z-index, 5500); pointer-events: none; display: flex; flex-direction: column;"[39m
        [36m/>[39m
        [36m<div[39m
          [33maria-label[39m=[32m"Notifications-top-right"[39m
          [33maria-live[39m=[32m"polite"[39m
          [33mid[39m=[32m"chakra-toast-manager-top-right"[39m
          [33mrole[39m=[32m"region"[39m
          [33mstyle[39m=[32m"position: fixed; z-index: var(--toast-z-index, 5500); pointer-events: none; display: flex; flex-direction: column;"[39m
        [36m/>[39m
        [36m<div[39m
          [33maria-label[39m=[32m"Notifications-bottom-left"[39m
          [33maria-live[39m=[32m"polite"[39m
          [33mid[39m=[32m"chakra-toast-manager-bottom-left"[39m
          [33mrole[39m=[32m"region"[39m
          [33mstyle[39m=[32m"position: fixed; z-index: var(--toast-z-index, 5500); pointer-events: none; display: flex; flex-direction: column;"[39m
        [36m/>[39m
        [36m<div[39m
          [33maria-label[39m=[32m"Notifications-bottom"[39m
          [33maria-live[39m=[32m"polite"[39m
          [33mid[39m=[32m"chakra-toast-manager-bottom"[39m
          [33mrole[39m=[32m"region"[39m
          [33mstyle[39m=[32m"position: fixed; z-index: var(--toast-z-index, 5500); pointer-events: none; display: flex; flex-direction: column; margin: 0px auto;"[39m
        [36m/>[39m
        [36m<div[39m
          [33maria-label[39m=[32m"Notifications-bottom-right"[39m
          [33maria-live[39m=[32m"polite"[39m
          [33mid[39m=[32m"chakra-toast-manager-bottom-right"[39m
          [33mrole[39m=[32m"region"[39m
          [33mstyle[39m=[32m"position: fixed; z-index: var(--toast-z-index, 5500); pointer-events: none; display: flex; flex-direction: column;"[39m
        [36m/>[39m
      [36m</div>[39m
      [36m<div[39m
        [33mclass[39m=[32m"chakra-portal"[39m
      [36m>[39m
        [36m<div[39m
          [33maria-label[39m=[32m"Notifications-top"[39m
          [33maria-live[39m=[32m"polite"[39m
          [33mid[39m=[32m"chakra-toast-manager-top"[39m
          [33mrole[39m=[32m"region"[39m
          [33mstyle[39m=[32m"position: fixed; z-index: var(--toast-z-index, 5500); pointer-events: none; display: flex; flex-direction: column; margin: 0px auto;"[39m
        [36m/>[39m
        [36m<div[39m
          [33maria-label[39m=[32m"Notifications-top-left"[39m
          [33maria-live[39m=[32m"polite"[39m
          [33mid[39m=[32m"chakra-toast-manager-top-left"[39m
          [33mrole[39m=[32m"region"[39m
          [33mstyle[39m=[32m"position: fixed; z-index: var(--toast-z-index, 5500); pointer-events: none; display: flex; flex-direction: column;"[39m
        [36m/>[39m
        [36m<div[39m
          [33maria-label[39m=[32m"Notifications-top-right"[39m
          [33maria-live[39m=[32m"polite"[39m
          [33mid[39m=[32m"chakra-toast-manager-top-right"[39m
          [33mrole[39m=[32m"region"[39m
          [33mstyle[39m=[32m"position: fixed; z-index: var(--toast-z-index, 5500); pointer-events: none; display: flex; flex-direction: column;"[39m
        [36m/>[39m
        [36m<div[39m
          [33maria-label[39m=[32m"Notifications-bottom-left"[39m
          [33maria-live[39m=[32m"polite"[39m
          [33mid[39m=[32m"chakra-toast-manager-bottom-left"[39m
          [33mrole[39m=[32m"region"[39m
          [33mstyle[39m=[32m"position: fixed; z-index: var(--toast-z-index, 5500); pointer-events: none; display: flex; flex-direction: column;"[39m
        [36m/>[39m
        [36m<div[39m
          [33maria-label[39m=[32m"Notifications-bottom"[39m
          [33maria-live[39m=[32m"polite"[39m
          [33mid[39m=[32m"chakra-toast-manager-bottom"[39m
          [33mrole[39m=[32m"region"[39m
          [33mstyle[39m=[32m"position: fixed; z-index: var(--toast-z-index, 5500); pointer-events: none; display: flex; flex-direction: column; margin: 0px auto;"[39m
        [36m/>[39m
        [36m<div[39m
          [33maria-label[39m=[32m"Notifications-bottom-right"[39m
          [33maria-live[39m=[32m"polite"[39m
          [33mid[39m=[32m"chakra-toast-manager-bottom-right"[39m
          [33mrole[39m=[32m"region"[39m
          [33mstyle[39m=[32m"position: fixed; z-index: var(--toast-z-index, 5500); pointer-events: none; display: flex; flex-direction: column;"[39m
        [36m/>[39m
      [36m</div>[39m
    [36m</body>[39m

       6 | test("renders learn react link", () => {
       7 |   render(<App />)
    >  8 |   const linkElement = screen.getByText(/learn chakra/i)
         |                              ^
       9 |   expect(linkElement).toBeInTheDocument()
      10 | })
      11 |

      at Object.getElementError (node_modules/@testing-library/react/node_modules/@testing-library/dom/dist/config.js:37:19)
      at node_modules/@testing-library/react/node_modules/@testing-library/dom/dist/query-helpers.js:76:38
      at node_modules/@testing-library/react/node_modules/@testing-library/dom/dist/query-helpers.js:52:17
      at getByText (node_modules/@testing-library/react/node_modules/@testing-library/dom/dist/query-helpers.js:95:19)
      at Object.<anonymous> (src/App.test.tsx:8:30)
      at TestScheduler.scheduleTests (node_modules/@jest/core/build/TestScheduler.js:333:13)
      at runJest (node_modules/@jest/core/build/runJest.js:404:19)
      at _run10000 (node_modules/@jest/core/build/cli/index.js:320:7)
      at runCLI (node_modules/@jest/core/build/cli/index.js:173:3)

-----------------------|---------|----------|---------|---------|-------------------
File                   | % Stmts | % Branch | % Funcs | % Lines | Uncovered Line #s 
-----------------------|---------|----------|---------|---------|-------------------
All files              |    5.41 |     4.16 |    4.81 |    6.07 |                   
 App.tsx               |   27.77 |     37.5 |   22.22 |   27.77 | 20-21,38-48,58-93 
 ColorModeSwitcher.tsx |      20 |      100 |       0 |      20 | 13-17             
 Elementary.tsx        |       0 |      100 |       0 |       0 | 23-466            
 ProblemScreen.tsx     |      10 |        0 |       0 |      10 | 8-19              
 PythonRunner.tsx      |    2.08 |        0 |       0 |    2.12 | 16-124            
 ShowSolution.tsx      |    7.69 |        0 |       0 |    7.69 | 5-37              
 index.tsx             |       0 |        0 |     100 |       0 | 9-28              
 reportWebVitals.ts    |       0 |        0 |       0 |       0 | 3-10              
 serviceWorker.ts      |       0 |        0 |       0 |       0 | 13-143            
 test-utils.tsx        |     100 |      100 |     100 |     100 |                   
-----------------------|---------|----------|---------|---------|-------------------
Test Suites: 1 failed, 1 total
Tests:       1 failed, 1 total
Snapshots:   0 total
Time:        3.588 s
Ran all test suites.
